
> frontend@0.1.0 build
> vite build

[36mvite v6.4.2 [32mbuilding for production...[36m[39m
node.exe : (node:38372) ExperimentalWarning: Support for loading ES Module in require() is an experimental feature and 
might change at any time
At C:\Program Files\nodejs\npm.ps1:29 char:3
+   & $NODE_EXE $NPM_CLI_JS $args
+   ~~~~~~~~~~~~~~~~~~~~~~~~~~~~~
    + CategoryInfo          : NotSpecified: ((node:38372) Ex...nge at any time:String) [], RemoteException
    + FullyQualifiedErrorId : NativeCommandError
 
(Use `node --trace-warnings ...` to show where the warning was created)
transforming...

[1m[33mwarn[39m[22m - The class `duration-[1500ms]` is ambiguous and matches multiple utilities.
[1m[33mwarn[39m[22m - If this is content and not a class, replace it with `duration-&lsqb;1500ms&rsqb;` to silence 
this warning.
[32mΓ£ô[39m 8601 modules transformed.
[31mΓ£ù[39m Build failed in 19.16s
[31merror during build:
[31msrc/components/pcb/LayerManagerPanel.tsx (2:9): "Layers" is not exported by 
"node_modules/@phosphor-icons/react/dist/index.es.js", imported by "src/components/pcb/LayerManagerPanel.tsx".[31m
file: [36mC:/AcadMix/frontend/src/components/pcb/LayerManagerPanel.tsx:2:9[31m
[33m
1: import React from 'react';
2: import { Layers, Eye, EyeSlash, PenNib } from '@phosphor-icons/react';
            ^
3: 
4: export type PCBLayer = 'TopLayer' | 'BottomLayer' | 'TopSilkLayer' | 'BoardOutline';
[31m
    at getRollupError 
(file:///C:/AcadMix/frontend/node_modules/vite/node_modules/rollup/dist/es/shared/parseAst.js:406:41)
    at error (file:///C:/AcadMix/frontend/node_modules/vite/node_modules/rollup/dist/es/shared/parseAst.js:402:42)
    at Module.error 
(file:///C:/AcadMix/frontend/node_modules/vite/node_modules/rollup/dist/es/shared/node-entry.js:17380:16)
    at Module.traceVariable 
(file:///C:/AcadMix/frontend/node_modules/vite/node_modules/rollup/dist/es/shared/node-entry.js:17813:29)
    at ModuleScope.findVariable 
(file:///C:/AcadMix/frontend/node_modules/vite/node_modules/rollup/dist/es/shared/node-entry.js:15403:39)
    at FunctionScope.findVariable 
(file:///C:/AcadMix/frontend/node_modules/vite/node_modules/rollup/dist/es/shared/node-entry.js:5676:38)
    at FunctionBodyScope.findVariable 
(file:///C:/AcadMix/frontend/node_modules/vite/node_modules/rollup/dist/es/shared/node-entry.js:5676:38)
    at Identifier.bind 
(file:///C:/AcadMix/frontend/node_modules/vite/node_modules/rollup/dist/es/shared/node-entry.js:5450:40)
    at CallExpression.bind 
(file:///C:/AcadMix/frontend/node_modules/vite/node_modules/rollup/dist/es/shared/node-entry.js:2828:28)
    at CallExpression.bind 
(file:///C:/AcadMix/frontend/node_modules/vite/node_modules/rollup/dist/es/shared/node-entry.js:12512:15)[39m
