Starting Headless Browser to test all dashboards...

============================
Testing Role: Student (22WJ8A6745)
Clicking Quick Login for Student via [data-testid="quick-login-student"]...
Waiting for Student dashboard to render...
Screenshot saved for Student.

============================
Testing Role: Teacher (T001)
Clicking Quick Login for Teacher via [data-testid="quick-login-teacher"]...
Waiting for Teacher dashboard to render...
Screenshot saved for Teacher.

============================
Testing Role: HOD (HOD001)
Clicking Quick Login for HOD via [data-testid="quick-login-hod"]...
Waiting for HOD dashboard to render...
Screenshot saved for HOD.

============================
Testing Role: Exam Cell (EC001)
Clicking Quick Login for Exam Cell via [data-testid="quick-login-exam-cell"]...
Waiting for Exam Cell dashboard to render...
Screenshot saved for Exam Cell.

============================
Testing Role: Nodal Officer (nodal@dhte.gov)
Clicking Quick Login for Nodal Officer via [data-testid="quick-login-nodal-officer"]...

============================
Testing Role: T&P Officer (TPO001)
Clicking Quick Login for T&P Officer via [data-testid="quick-login-t&p-officer"]...
Waiting for T&P Officer dashboard to render...
Screenshot saved for T&P Officer.

============================
Testing Role: Alumni (ALUMNI001)
Clicking Quick Login for Alumni via [data-testid="quick-login-alumni"]...
Waiting for Alumni dashboard to render...
Screenshot saved for Alumni.

============================
Testing Role: Parent (PARENT001)
Clicking Quick Login for Parent via [data-testid="quick-login-parent"]...
Waiting for Parent dashboard to render...
Screenshot saved for Parent.

============================
Testing Role: Industry (IND001)
Clicking Quick Login for Industry via [data-testid="quick-login-industry"]...
Waiting for Industry dashboard to render...
Screenshot saved for Industry.

============================
Testing Role: Principal (PRIN001)
Clicking Quick Login for Principal via [data-testid="quick-login-principal"]...
Waiting for Principal dashboard to render...
Screenshot saved for Principal.

============================
Testing Role: Retired Faculty (RF001)
Clicking Quick Login for Retired Faculty via [data-testid="quick-login-retired-faculty"]...
Waiting for Retired Faculty dashboard to render...
Screenshot saved for Retired Faculty.
Login failed for Retired Faculty: Something went wrong.

============================
Testing Role: Expert (EXP001)
Clicking Quick Login for Expert via [data-testid="quick-login-expert"]...
Waiting for Expert dashboard to render...
Screenshot saved for Expert.

============================
Testing Role: Warden (WARDEN001)
Clicking Quick Login for Warden via [data-testid="quick-login-warden"]...
Waiting for Warden dashboard to render...
Screenshot saved for Warden.

============================
Testing Role: Transport (TRANSPORT001)
Clicking Quick Login for Transport via [data-testid="quick-login-transport"]...
Waiting for Transport dashboard to render...
Screenshot saved for Transport.

============================
Testing Role: Librarian (LIBRARIAN001)
Clicking Quick Login for Librarian via [data-testid="quick-login-librarian"]...
Waiting for Librarian dashboard to render...
Screenshot saved for Librarian.

============================
Testing Role: Security (SECURITY001)
Clicking Quick Login for Security via [data-testid="quick-login-security"]...
Waiting for Security dashboard to render...
Screenshot saved for Security.


===== TEST SUMMARY =====
[OK] Student
[OK] Teacher
[OK] HOD
[OK] Exam Cell
[X] Nodal Officer: 1 warnings/errors captured.
   -> [SCRIPT CRASH] Waiting for selector `[data-testid="quick-login-nodal-officer"]` failed
[OK] T&P Officer
[OK] Alumni
[OK] Parent
[X] Industry: 1 warnings/errors captured.
   -> [CONSOLE] AxiosError: Request failed with status code 403
[X] Principal: 4 warnings/errors captured.
   -> [CONSOLE] AxiosError: Request failed with status code 403
   -> [CONSOLE] AxiosError: Request failed with status code 403
   -> [CONSOLE] AxiosError: Request failed with status code 403
   -> [CONSOLE] AxiosError: Request failed with status code 403
[X] Retired Faculty: 1 warnings/errors captured.
   -> Login rejected by backend: Something went wrong.
[OK] Expert
[OK] Warden
[OK] Transport
[OK] Librarian
[OK] Security
