Traceback (most recent call last):
  File "<string>", line 1, in <module>
  File "C:\Python312\Lib\multiprocessing\spawn.py", line 122, in spawn_main
    exitcode = _main(fd, parent_sentinel)
               ^^^^^^^^^^^^^^^^^^^^^^^^^^
  File "C:\Python312\Lib\multiprocessing\spawn.py", line 131, in _main
    prepare(preparation_data)
  File "C:\Python312\Lib\multiprocessing\spawn.py", line 244, in prepare
    _fixup_main_from_name(data['init_main_from_name'])
  File "C:\Python312\Lib\multiprocessing\spawn.py", line 268, in _fixup_main_from_name
    main_content = runpy.run_module(mod_name,
                   ^^^^^^^^^^^^^^^^^^^^^^^^^^
  File "<frozen runpy>", line 222, in run_module
  File "<frozen runpy>", line 159, in _get_module_details
  File "<frozen importlib._bootstrap_external>", line 1129, in get_code
  File "<frozen importlib._bootstrap_external>", line 1059, in source_to_code
  File "<frozen importlib._bootstrap>", line 488, in _call_with_frames_removed
  File "C:\AcadMix\backend\app\workers\livekit_agent.py", line 550
    )
    ^
SyntaxError: closing parenthesis ')' does not match opening parenthesis '{' on line 528
Traceback (most recent call last):
  File "<string>", line 1, in <module>
  File "C:\Python312\Lib\multiprocessing\spawn.py", line 122, in spawn_main
    exitcode = _main(fd, parent_sentinel)
               ^^^^^^^^^^^^^^^^^^^^^^^^^^
  File "C:\Python312\Lib\multiprocessing\spawn.py", line 131, in _main
    prepare(preparation_data)
  File "C:\Python312\Lib\multiprocessing\spawn.py", line 244, in prepare
    _fixup_main_from_name(data['init_main_from_name'])
  File "C:\Python312\Lib\multiprocessing\spawn.py", line 268, in _fixup_main_from_name
    main_content = runpy.run_module(mod_name,
                   ^^^^^^^^^^^^^^^^^^^^^^^^^^
  File "<frozen runpy>", line 222, in run_module
  File "<frozen runpy>", line 159, in _get_module_details
  File "<frozen importlib._bootstrap_external>", line 1129, in get_code
  File "<frozen importlib._bootstrap_external>", line 1059, in source_to_code
  File "<frozen importlib._bootstrap>", line 488, in _call_with_frames_removed
  File "C:\AcadMix\backend\app\workers\livekit_agent.py", line 584
    )
    ^
SyntaxError: closing parenthesis ')' does not match opening parenthesis '{' on line 570
